// Vitest Snapshot v1, https://vitest.dev/guide/snapshot.html

exports[`字体转曲测试 > 英文 /n换行情况 1`] = `
"<svg xmlns="http://www.w3.org/2000/svg" id="preview" width="200mm" height="80mm" viewBox="1.98 -21 200 80" transform="" fill="red">
      <g >
      
                  <g transform="">
                      <path transform="translate(0,NaN)"  d="M9.450000-15.390000C7.350000-15.390000 5.700000-14.610000 4.590000-12.840000L4.590000-21L1.980000-21L1.980000 0L4.590000 0L4.590000-7.950000C4.590000-11.490000 6.540000-12.900000 8.940000-12.900000C11.250000-12.900000 12.660000-11.520000 12.660000-9.060000L12.660000 0L15.270000 0L15.270000-9.210000C15.270000-13.050000 12.960000-15.390000 9.450000-15.390000ZM20.730000-6.300000L33.300000-6.300000C33.360000-6.690000 33.390000-7.080000 33.390000-7.470000C33.390000-11.670000 30.450000-15.390000 25.920000-15.390000C21.240000-15.390000 18.060000-11.940000 18.060000-7.500000C18.060000-3 21.270000 0.390000 26.100000 0.390000C29.100000 0.390000 31.380000-0.960000 32.700000-3L30.480000-4.260000C29.730000-3.030000 28.230000-2.070000 26.160000-2.070000C23.370000-2.070000 21.240000-3.600000 20.730000-6.300000ZM25.920000-12.930000C28.170000-12.930000 30.300000-11.550000 30.750000-8.580000L20.730000-8.580000C21.150000-11.190000 23.100000-12.930000 25.920000-12.930000ZM36.390000 0L39 0L39-21.900000L36.390000-21.900000ZM42.990000 0L45.600000 0L45.600000-21.900000L42.990000-21.900000ZM56.640000 0.390000C61.020000 0.390000 64.560000-3.060000 64.560000-7.500000C64.560000-11.940000 61.020000-15.390000 56.640000-15.390000C52.260000-15.390000 48.750000-11.940000 48.750000-7.500000C48.750000-3.060000 52.260000 0.390000 56.640000 0.390000ZM56.640000-2.160000C53.670000-2.160000 51.360000-4.470000 51.360000-7.500000C51.360000-10.530000 53.670000-12.840000 56.640000-12.840000C59.640000-12.840000 61.950000-10.530000 61.950000-7.500000C61.950000-4.470000 59.640000-2.160000 56.640000-2.160000Z"/>
                  </g>
                  
                  <g transform="">
                      <path transform="translate(0,NaN)"  d="M19.650000-15L16.350000-3.570000L12.810000-15L10.290000-15L6.750000-3.600000L3.450000-15L0.720000-15L5.370000 0L8.040000 0L11.550000-11.100000L15.060000 0L17.730000 0L22.380000-15ZM31.530000 0.390000C35.910000 0.390000 39.450000-3.060000 39.450000-7.500000C39.450000-11.940000 35.910000-15.390000 31.530000-15.390000C27.150000-15.390000 23.640000-11.940000 23.640000-7.500000C23.640000-3.060000 27.150000 0.390000 31.530000 0.390000ZM31.530000-2.160000C28.560000-2.160000 26.250000-4.470000 26.250000-7.500000C26.250000-10.530000 28.560000-12.840000 31.530000-12.840000C34.530000-12.840000 36.840000-10.530000 36.840000-7.500000C36.840000-4.470000 34.530000-2.160000 31.530000-2.160000ZM45.150000-12.480000L45.150000-15L42.540000-15L42.540000 0L45.150000 0L45.150000-7.950000C45.150000-11.490000 47.580000-12.630000 49.830000-12.540000L49.830000-15.270000C47.940000-15.270000 46.110000-14.580000 45.150000-12.480000ZM52.380000 0L54.990000 0L54.990000-21.900000L52.380000-21.900000ZM71.400000-21L71.400000-12.420000C70.200000-14.250000 68.280000-15.390000 65.730000-15.390000C61.560000-15.390000 58.140000-11.940000 58.140000-7.500000C58.140000-3.060000 61.560000 0.390000 65.730000 0.390000C68.280000 0.390000 70.200000-0.750000 71.400000-2.580000L71.400000 0L74.010000 0L74.010000-21ZM66.060000-2.130000C63.060000-2.130000 60.750000-4.440000 60.750000-7.500000C60.750000-10.560000 63.060000-12.870000 66.060000-12.870000C69.090000-12.870000 71.400000-10.560000 71.400000-7.500000C71.400000-4.440000 69.090000-2.130000 66.060000-2.130000Z"/>
                  </g>
                  
      </g>
      </svg>"
`;
